<area shape="rect" href="$Alignment_8cpp.html" title="Uni/workspace/CircalPP/src/Alignment.cpp" alt="" coords="319,84,609,111">
<area shape="rect" href="$CircularAlignment_8h.html" title="Uni/workspace/CircalPP/src/CircularAlignment.h" alt="" coords="633,84,959,111">
<area shape="rect" href="$Output_8cpp.html" title="Uni/workspace/CircalPP/src/Output.cpp" alt="" coords="761,161,1033,188">
<area shape="rect" href="$MultipleAlignment_8h.html" title="Uni/workspace/CircalPP/src/MultipleAlignment.h" alt="" coords="1033,84,1359,111">
<area shape="rect" href="$MatrixHelper_8cpp.html" title="Uni/workspace/CircalPP/src/MatrixHelper.cpp" alt="" coords="1383,84,1692,111">
<area shape="rect" href="$CircularAlignment_8cpp.html" title="Uni/workspace/CircalPP/src/CircularAlignment.cpp" alt="" coords="396,161,737,188">
<area shape="rect" href="$MultipleCircularAlignment_8h.html" title="Uni/workspace/CircalPP/src/MultipleCircularAlignment.h" alt="" coords="1108,161,1484,188">
<area shape="rect" href="$MetaCircularAlignment_8h.html" title="Uni/workspace/CircalPP/src/MetaCircularAlignment.h" alt="" coords="12,161,372,188">
<area shape="rect" href="$main_8cpp.html" title="Uni/workspace/CircalPP/src/main.cpp" alt="" coords="1051,316,1309,343">
<area shape="rect" href="$MultipleCircularAlignment_8cpp.html" title="Uni/workspace/CircalPP/src/MultipleCircularAlignment.cpp" alt="" coords="1217,239,1607,265">
<area shape="rect" href="$MultipleMetaCircularAlignment_8h.html" title="Uni/workspace/CircalPP/src/MultipleMetaCircularAlignment.h" alt="" coords="673,239,1081,265">
<area shape="rect" href="$MetaCircularAlignment_8cpp.html" title="Uni/workspace/CircalPP/src/MetaCircularAlignment.cpp" alt="" coords="5,239,379,265">
<area shape="rect" href="$MultipleMetaCircularAlignment_8cpp.html" title="Uni/workspace/CircalPP/src/MultipleMetaCircularAlignment.cpp" alt="" coords="603,316,1027,343">
<area shape="rect" href="$MultipleAlignment_8cpp.html" title="Uni/workspace/CircalPP/src/MultipleAlignment.cpp" alt="" coords="1508,161,1849,188">
