<area shape="rect" href="$AlignmentFactory_8cpp.html" title="Uni/workspace/CircalPP/src/AlignmentFactory.cpp" alt="" coords="85,84,424,111">
<area shape="rect" href="$CircularAlignmentFactory_8h.html" title="Uni/workspace/CircalPP/src/CircularAlignmentFactory.h" alt="" coords="448,84,821,111">
<area shape="rect" href="$MultipleAlignmentFactory_8h.html" title="Uni/workspace/CircalPP/src/MultipleAlignmentFactory.h" alt="" coords="860,84,1233,111">
<area shape="rect" href="$PseudoCircularAlignmentFactory_8h.html" title="Uni/workspace/CircalPP/src/PseudoCircularAlignmentFactory.h" alt="" coords="1296,84,1717,111">
<area shape="rect" href="$MultipleCircularAlignmentFactory_8h.html" title="Uni/workspace/CircalPP/src/MultipleCircularAlignmentFactory.h" alt="" coords="416,161,837,188">
<area shape="rect" href="$CircularAlignmentFactory_8cpp.html" title="Uni/workspace/CircalPP/src/CircularAlignmentFactory.cpp" alt="" coords="5,161,392,188">
<area shape="rect" href="$CircalPP_8cpp.html" title="Uni/workspace/CircalPP/src/CircalPP.cpp" alt="" coords="916,239,1193,265">
<area shape="rect" href="$MultipleCircularAlignmentFactory_8cpp.html" title="Uni/workspace/CircalPP/src/MultipleCircularAlignmentFactory.cpp" alt="" coords="408,239,845,265">
<area shape="rect" href="$MultiplePseudoCircularAlignmentFactory_8h.html" title="Uni/workspace/CircalPP/src/MultiplePseudoCircularAlignmentFactory.h" alt="" coords="1272,161,1741,188">
<area shape="rect" href="$MultipleAlignmentFactory_8cpp.html" title="Uni/workspace/CircalPP/src/MultipleAlignmentFactory.cpp" alt="" coords="861,161,1248,188">
<area shape="rect" href="$MultiplePseudoCircularAlignmentFactory_8cpp.html" title="Uni/workspace/CircalPP/src/MultiplePseudoCircularAlignmentFactory.cpp" alt="" coords="1264,239,1749,265">
<area shape="rect" href="$PseudoCircularAlignmentFactory_8cpp.html" title="Uni/workspace/CircalPP/src/PseudoCircularAlignmentFactory.cpp" alt="" coords="1765,161,2200,188">
