<area shape="rect" href="$Alignment_8cpp.html" title="Uni/workspace/CircalPP/src/Alignment.cpp" alt="" coords="372,84,663,111">
<area shape="rect" href="$AlignmentFactory_8h.html" title="Uni/workspace/CircalPP/src/AlignmentFactory.h" alt="" coords="687,84,1009,111">
<area shape="rect" href="$MultipleAlignmentFactory_8h.html" title="Uni/workspace/CircalPP/src/MultipleAlignmentFactory.h" alt="" coords="860,161,1233,188">
<area shape="rect" href="$MatrixHelper_8cpp.html" title="Uni/workspace/CircalPP/src/MatrixHelper.cpp" alt="" coords="1084,84,1393,111">
<area shape="rect" href="$Output_8cpp.html" title="Uni/workspace/CircalPP/src/Output.cpp" alt="" coords="1417,84,1689,111">
<area shape="rect" href="$AlignmentFactory_8cpp.html" title="Uni/workspace/CircalPP/src/AlignmentFactory.cpp" alt="" coords="85,161,424,188">
<area shape="rect" href="$CircularAlignmentFactory_8h.html" title="Uni/workspace/CircalPP/src/CircularAlignmentFactory.h" alt="" coords="448,161,821,188">
<area shape="rect" href="$PseudoCircularAlignmentFactory_8h.html" title="Uni/workspace/CircalPP/src/PseudoCircularAlignmentFactory.h" alt="" coords="1296,161,1717,188">
<area shape="rect" href="$CircularAlignmentFactory_8cpp.html" title="Uni/workspace/CircalPP/src/CircularAlignmentFactory.cpp" alt="" coords="5,239,392,265">
<area shape="rect" href="$MultipleCircularAlignmentFactory_8h.html" title="Uni/workspace/CircalPP/src/MultipleCircularAlignmentFactory.h" alt="" coords="416,239,837,265">
<area shape="rect" href="$main_8cpp.html" title="Uni/workspace/CircalPP/src/main.cpp" alt="" coords="925,316,1184,343">
<area shape="rect" href="$MultipleCircularAlignmentFactory_8cpp.html" title="Uni/workspace/CircalPP/src/MultipleCircularAlignmentFactory.cpp" alt="" coords="408,316,845,343">
<area shape="rect" href="$MultiplePseudoCircularAlignmentFactory_8h.html" title="Uni/workspace/CircalPP/src/MultiplePseudoCircularAlignmentFactory.h" alt="" coords="1272,239,1741,265">
<area shape="rect" href="$MultipleAlignmentFactory_8cpp.html" title="Uni/workspace/CircalPP/src/MultipleAlignmentFactory.cpp" alt="" coords="861,239,1248,265">
<area shape="rect" href="$MultiplePseudoCircularAlignmentFactory_8cpp.html" title="Uni/workspace/CircalPP/src/MultiplePseudoCircularAlignmentFactory.cpp" alt="" coords="1264,316,1749,343">
<area shape="rect" href="$PseudoCircularAlignmentFactory_8cpp.html" title="Uni/workspace/CircalPP/src/PseudoCircularAlignmentFactory.cpp" alt="" coords="1765,239,2200,265">
