<area shape="rect" href="$CircularAlignment_8cpp.html" title="Uni/workspace/CircalPP/src/CircularAlignment.cpp" alt="" coords="5,84,347,111">
<area shape="rect" href="$MultipleCircularAlignment_8h.html" title="Uni/workspace/CircalPP/src/MultipleCircularAlignment.h" alt="" coords="371,84,747,111">
<area shape="rect" href="$MetaCircularAlignment_8h.html" title="Uni/workspace/CircalPP/src/MetaCircularAlignment.h" alt="" coords="785,84,1145,111">
<area shape="rect" href="$Output_8cpp.html" title="Uni/workspace/CircalPP/src/Output.cpp" alt="" coords="1169,84,1441,111">
<area shape="rect" href="$main_8cpp.html" title="Uni/workspace/CircalPP/src/main.cpp" alt="" coords="335,239,593,265">
<area shape="rect" href="$MultipleCircularAlignment_8cpp.html" title="Uni/workspace/CircalPP/src/MultipleCircularAlignment.cpp" alt="" coords="356,161,745,188">
<area shape="rect" href="$MultipleMetaCircularAlignment_8h.html" title="Uni/workspace/CircalPP/src/MultipleMetaCircularAlignment.h" alt="" coords="769,161,1177,188">
<area shape="rect" href="$MetaCircularAlignment_8cpp.html" title="Uni/workspace/CircalPP/src/MetaCircularAlignment.cpp" alt="" coords="1201,161,1575,188">
<area shape="rect" href="$MultipleMetaCircularAlignment_8cpp.html" title="Uni/workspace/CircalPP/src/MultipleMetaCircularAlignment.cpp" alt="" coords="761,239,1185,265">
