<area shape="rect" href="$CircalPP_8cpp.html#ea6df4915089872325f1bec671ec55f4" title="doAllignment" alt="" coords="108,580,212,607">
<area shape="rect" href="$CircalPP_8cpp.html#10db687c0645469ee3404ed649063237" title="usage" alt="" coords="131,631,189,657">
<area shape="rect" href="$classCircal_1_1PseudoCircularAlignmentFactory.html#ebfd497019d9d510398f69824da5c37b" title="Circal::PseudoCircularAlignmentFactory::GotohAlignment" alt="" coords="761,391,1148,417">
<area shape="rect" href="$classCircal_1_1MultiplePseudoCircularAlignmentFactory.html#e1c5bfaba040571300262dc25c31fb77" title="Circal::MultiplePseudoCircularAlignmentFactory::GotohalignMultiple" alt="" coords="261,479,712,505">
<area shape="rect" href="$classCircal_1_1Output.html#8d4d121954ec0c10ad6b3b1268651c08" title="Circal::Output::TCoffeeAlignFormat" alt="" coords="832,605,1077,632">
<area shape="rect" href="$classCircal_1_1Output.html#4f74b8fc9c68d69e1d26ade8c6fbf35d" title="Circal::Output::TCoffeeLibFooter" alt="" coords="1349,707,1579,733">
<area shape="rect" href="$classCircal_1_1Output.html#726f8644afc9acca3f02a3983c7409fe" title="Circal::Output::TCoffeeLibFormat" alt="" coords="369,605,604,632">
<area shape="rect" href="$classCircal_1_1Output.html#eeba75375812d32a5ed680a67b406f37" title="Circal::Output::TCoffeeLibHeader" alt="" coords="837,656,1072,683">
<area shape="rect" href="$classCircal_1_1PseudoCircularAlignmentFactory.html#dce787a2350cfd3683dd0682ef064d5a" title="Circal::PseudoCircularAlignmentFactory::BacktrackingSmithWatermanAffin" alt="" coords="1215,403,1713,429">
<area shape="rect" href="$classCircal_1_1AlignmentFactory.html#38e1e5e94033be95ebe5438df2cdae96" title="Circal::AlignmentFactory::BacktrackingSmithWatermanAffin" alt="" coords="1264,251,1664,277">
<area shape="rect" href="$classCircal_1_1PseudoCircularAlignmentFactory.html#74b7860fd17df40cb002981bfa4ceae3" title="Circal::PseudoCircularAlignmentFactory::ForwardRecursionSmithWatermanAffin" alt="" coords="1197,301,1731,328">
<area shape="rect" href="$classCircal_1_1AlignmentFactory.html#b4cb6cb6ecbffc8d2d6edf46d54b75aa" title="Circal::AlignmentFactory::ForwardRecursionSmithWatermanAffin" alt="" coords="1247,200,1681,227">
<area shape="rect" href="$classCircal_1_1MatrixHelper.html#d7f73b9f9ada591e7ed652909e240140" title="Circal::MatrixHelper::InitScoreMatrix3DWith" alt="" coords="1780,656,2081,683">
<area shape="rect" href="$classCircal_1_1MatrixHelper.html#8c12cd1078ffbb6c4c93ebbb8cb384d5" title="Circal::MatrixHelper::InitScoreMatrixWith" alt="" coords="1323,352,1605,379">
<area shape="rect" href="$classCircal_1_1ScoringModel.html#7a0e45da2b4c5912f08258bd56dd1788" title="Circal::ScoringModel::BestOfTwo" alt="" coords="2148,225,2375,252">
<area shape="rect" href="$classCircal_1_1PseudoRotatedSequence.html#fbfa83464c33febec8196f23cd296a31" title="Get the element at position &#39;pos&#39; as a character." alt="" coords="1785,453,2076,480">
<area shape="rect" href="$classCircal_1_1PseudoRotatedSequence.html#f6a9b351636ffee4468adbf1e58fdb4a" title="Get the number of elements in the list." alt="" coords="2131,555,2392,581">
<area shape="rect" href="$classCircal_1_1PseudoRotatedSequence.html#48c964ebdf631807be5e58140e5378c6" title="Get the element at position &#39;pos&#39; as an int." alt="" coords="1784,605,2077,632">
<area shape="rect" href="$classCircal_1_1ScoringModel.html#c9093a36aae9269b516c34438d2df279" title="Circal::ScoringModel::ScoreOf" alt="" coords="1824,301,2037,328">
<area shape="rect" href="$classCircal_1_1ScoringModel.html#dc158e70948f9cce9c80ef7df6cdde6f" title="Circal::ScoringModel::ScoreOfGapExtend" alt="" coords="1788,200,2073,227">
<area shape="rect" href="$classCircal_1_1ScoringModel.html#3f934683024d21df07165eee183ee918" title="Circal::ScoringModel::ScoreOfGapOpen" alt="" coords="1793,251,2068,277">
<area shape="rect" href="$classCircal_1_1ScoringModel.html#4a300e1b772adbbda981a5608710c027" title="Circal::ScoringModel::BestOfThree" alt="" coords="1811,99,2051,125">
<area shape="rect" href="$classCircal_1_1Alignment.html#9068711091bc065e281c076da5bd7dcb" title="Circal::Alignment::addSequence" alt="" coords="841,467,1068,493">
<area shape="rect" href="$classCircal_1_1Output.html#ab041c2ce86bb7ab5f682cdab596d06b" title="Circal::Output::AlignmentPrettyPrint" alt="" coords="827,517,1083,544">
<area shape="rect" href="$classCircal_1_1Alignment.html#e4dc0a9b6c0b89f3e3c375b963c76ec1" title="Circal::Alignment::get_Score" alt="" coords="1363,504,1565,531">
<area shape="rect" href="$classCircal_1_1Output.html#dea07429ad2ed3d082aa4d9ef85e8114" title="Circal::Output::SequencePrettyPrint" alt="" coords="1337,555,1591,581">
<area shape="rect" href="$classCircal_1_1Alignment.html#1ba1a02f0da981faca500e0988bf1ac8" title="Circal::Alignment::get_offsetA" alt="" coords="1357,605,1571,632">
<area shape="rect" href="$classCircal_1_1Alignment.html#6822c7df4eab6cd256934baa7ae71ee8" title="Circal::Alignment::get_offsetB" alt="" coords="1357,656,1571,683">
