<area shape="rect" href="$classCircal_1_1ScoringModel.html#ea8047bcaff23574faf333c25759d30c" title="Circal::ScoringModel::BestOfThree" alt="" coords="519,5,759,32">
<area shape="rect" href="$classCircal_1_1ScoringModel.html#2af91279a78623322072a65a071f572b" title="Circal::ScoringModel::BestOfTwo" alt="" coords="849,44,1076,71">
<area shape="rect" href="$classCircal_1_1PseudoRotatedSequence.html#fbfa83464c33febec8196f23cd296a31" title="Get the element at position &#39;pos&#39; as a character." alt="" coords="493,107,784,133">
<area shape="rect" href="$classCircal_1_1PseudoRotatedSequence.html#f6a9b351636ffee4468adbf1e58fdb4a" title="Get the number of elements in the list." alt="" coords="832,120,1093,147">
<area shape="rect" href="$classCircal_1_1ScoringModel.html#c9093a36aae9269b516c34438d2df279" title="Circal::ScoringModel::ScoreOf" alt="" coords="532,208,745,235">
<area shape="rect" href="$classCircal_1_1ScoringModel.html#dc158e70948f9cce9c80ef7df6cdde6f" title="Circal::ScoringModel::ScoreOfGapExtend" alt="" coords="496,259,781,285">
<area shape="rect" href="$classCircal_1_1ScoringModel.html#3f934683024d21df07165eee183ee918" title="Circal::ScoringModel::ScoreOfGapOpen" alt="" coords="501,309,776,336">
