<area shape="rect" href="$classCircal_1_1ScoringModel.html#2af91279a78623322072a65a071f572b" title="Circal::ScoringModel::BestOfTwo" alt="" coords="1636,28,1863,55">
<area shape="rect" href="$classCircal_1_1Alignment.html#894c857b61c9fed3a6332ffe2362b9f1" title="Circal::Alignment::get_Score" alt="" coords="564,205,767,232">
<area shape="rect" href="$classCircal_1_1AlignmentFactory.html#905122b633a55596bbe1c6d5cd6b61c5" title="Circal::AlignmentFactory::NeedlemanWunschAlignment" alt="" coords="479,155,852,181">
<area shape="rect" href="$classCircal_1_1AlignmentFactory.html#0039e86898c5a54a7d1e6e1185235931" title="Circal::AlignmentFactory::BacktrackingNMW" alt="" coords="925,231,1227,257">
<area shape="rect" href="$classCircal_1_1AlignmentFactory.html#23a0c386ae5a5fe2233b21a25bc92bc3" title="Circal::AlignmentFactory::ForwardRecursionNMW" alt="" coords="908,180,1244,207">
<area shape="rect" href="$classCircal_1_1MatrixHelper.html#69554a977a56437127203bf586e5d594" title="Circal::MatrixHelper::InitializeScoreMatrixDistances" alt="" coords="901,129,1251,156">
<area shape="rect" href="$classCircal_1_1Alignment.html#0a0ef49213d04275c7c932a6f55f8d52" title="Circal::Alignment::addSequence" alt="" coords="1329,332,1556,359">
<area shape="rect" href="$classCircal_1_1ScoringModel.html#c9093a36aae9269b516c34438d2df279" title="Circal::ScoringModel::ScoreOf" alt="" coords="1336,231,1549,257">
<area shape="rect" href="$classCircal_1_1ScoringModel.html#dc158e70948f9cce9c80ef7df6cdde6f" title="Circal::ScoringModel::ScoreOfGapExtend" alt="" coords="1300,129,1585,156">
<area shape="rect" href="$classCircal_1_1ScoringModel.html#3f934683024d21df07165eee183ee918" title="Circal::ScoringModel::ScoreOfGapOpen" alt="" coords="1305,180,1580,207">
<area shape="rect" href="$classCircal_1_1Alignment.html#94d66a0aa8ca3a3ecd47801acbbbc16a" title="Circal::Alignment::set_Score" alt="" coords="1341,281,1544,308">
<area shape="rect" href="$classCircal_1_1ScoringModel.html#ea8047bcaff23574faf333c25759d30c" title="Circal::ScoringModel::BestOfThree" alt="" coords="1323,79,1563,105">
<area shape="rect" href="$classCircal_1_1MatrixHelper.html#8c12cd1078ffbb6c4c93ebbb8cb384d5" title="Circal::MatrixHelper::InitScoreMatrixWith" alt="" coords="1301,28,1584,55">
