<area shape="rect" href="$classCircal_1_1PseudoCircularAlignmentFactory.html#209f2a738115afba7957ebf8e29b1018" title="Circal::PseudoCircularAlignmentFactory::BacktrackingGotohLocal" alt="" coords="444,271,881,297">
<area shape="rect" href="$classCircal_1_1AlignmentFactory.html#a8157edb8c16d97e68d8e28cbe6bbf29" title="Circal::AlignmentFactory::BacktrackingGotohLocal" alt="" coords="493,397,832,424">
<area shape="rect" href="$classCircal_1_1PseudoCircularAlignmentFactory.html#2b0c3da16b0740a13d943d2e0845a39d" title="Circal::PseudoCircularAlignmentFactory::ForwardRecursionGotoh" alt="" coords="444,448,881,475">
<area shape="rect" href="$classCircal_1_1AlignmentFactory.html#824141099efd7e6eb36390937a1abec3" title="Circal::AlignmentFactory::ForwardRecursionGotoh" alt="" coords="492,499,833,525">
<area shape="rect" href="$classCircal_1_1MatrixHelper.html#56e71c3f8041515ac8d64f8cd56e1b39" title="Circal::MatrixHelper::InitScoreMatrix3DWith" alt="" coords="512,93,813,120">
<area shape="rect" href="$classCircal_1_1MatrixHelper.html#8c12cd1078ffbb6c4c93ebbb8cb384d5" title="Circal::MatrixHelper::InitScoreMatrixWith" alt="" coords="521,600,804,627">
<area shape="rect" href="$classCircal_1_1MatrixHelper.html#1f0e082360b59504a8f0a69d2fb7694d" title="Circal::MatrixHelper::SearchBestInColumn" alt="" coords="516,549,809,576">
<area shape="rect" href="$classCircal_1_1Alignment.html#0a0ef49213d04275c7c932a6f55f8d52" title="Circal::Alignment::addSequence" alt="" coords="964,195,1191,221">
<area shape="rect" href="$classCircal_1_1ScoringModel.html#2af91279a78623322072a65a071f572b" title="Circal::ScoringModel::BestOfTwo" alt="" coords="1289,625,1516,652">
<area shape="rect" href="$classCircal_1_1PseudoRotatedSequence.html#fbfa83464c33febec8196f23cd296a31" title="Get the element at position &#39;pos&#39; as a character." alt="" coords="932,296,1223,323">
<area shape="rect" href="$classCircal_1_1PseudoRotatedSequence.html#f6a9b351636ffee4468adbf1e58fdb4a" title="Get the number of elements in the list." alt="" coords="1272,93,1533,120">
<area shape="rect" href="$classCircal_1_1PseudoRotatedSequence.html#48c964ebdf631807be5e58140e5378c6" title="Get the element at position &#39;pos&#39; as an int." alt="" coords="931,43,1224,69">
<area shape="rect" href="$classCircal_1_1ScoringModel.html#c9093a36aae9269b516c34438d2df279" title="Circal::ScoringModel::ScoreOf" alt="" coords="971,448,1184,475">
<area shape="rect" href="$classCircal_1_1ScoringModel.html#dc158e70948f9cce9c80ef7df6cdde6f" title="Circal::ScoringModel::ScoreOfGapExtend" alt="" coords="935,499,1220,525">
<area shape="rect" href="$classCircal_1_1ScoringModel.html#3f934683024d21df07165eee183ee918" title="Circal::ScoringModel::ScoreOfGapOpen" alt="" coords="940,397,1215,424">
<area shape="rect" href="$classCircal_1_1Alignment.html#94d66a0aa8ca3a3ecd47801acbbbc16a" title="Circal::Alignment::set_Score" alt="" coords="976,245,1179,272">
<area shape="rect" href="$classCircal_1_1ScoringModel.html#ea8047bcaff23574faf333c25759d30c" title="Circal::ScoringModel::BestOfThree" alt="" coords="957,651,1197,677">
