<area shape="rect" href="$classCircal_1_1AlignmentFactory.html#e9a87f9cf77459708e957d887b2f358d" title="Circal::AlignmentFactory::BacktrackingGotohGlobal" alt="" coords="395,208,741,235">
<area shape="rect" href="$classCircal_1_1ScoringModel.html#7a0e45da2b4c5912f08258bd56dd1788" title="Circal::ScoringModel::BestOfTwo" alt="" coords="1127,157,1353,184">
<area shape="rect" href="$classCircal_1_1AlignmentFactory.html#824141099efd7e6eb36390937a1abec3" title="Circal::AlignmentFactory::ForwardRecursionGotoh" alt="" coords="397,132,739,159">
<area shape="rect" href="$classCircal_1_1MatrixHelper.html#8c12cd1078ffbb6c4c93ebbb8cb384d5" title="Circal::MatrixHelper::InitScoreMatrixWith" alt="" coords="427,360,709,387">
<area shape="rect" href="$classCircal_1_1ScoringModel.html#c9093a36aae9269b516c34438d2df279" title="Circal::ScoringModel::ScoreOf" alt="" coords="827,157,1040,184">
<area shape="rect" href="$classCircal_1_1ScoringModel.html#dc158e70948f9cce9c80ef7df6cdde6f" title="Circal::ScoringModel::ScoreOfGapExtend" alt="" coords="791,208,1076,235">
<area shape="rect" href="$classCircal_1_1ScoringModel.html#3f934683024d21df07165eee183ee918" title="Circal::ScoringModel::ScoreOfGapOpen" alt="" coords="796,107,1071,133">
<area shape="rect" href="$classCircal_1_1ScoringModel.html#4a300e1b772adbbda981a5608710c027" title="Circal::ScoringModel::BestOfThree" alt="" coords="813,5,1053,32">
