<area shape="rect" href="$classCircal_1_1Alignment.html#9068711091bc065e281c076da5bd7dcb" title="Circal::Alignment::addSequence" alt="" coords="621,132,848,159">
<area shape="rect" href="$classCircal_1_1Output.html#ab041c2ce86bb7ab5f682cdab596d06b" title="Circal::Output::AlignmentPrettyPrint" alt="" coords="607,183,863,209">
<area shape="rect" href="$classCircal_1_1PseudoCircularAlignmentFactory.html#de2586f4840d130ca24636c2fa3d7c69" title="Circal::PseudoCircularAlignmentFactory::NeedlemanWunschAlignment" alt="" coords="499,360,971,387">
<area shape="rect" href="$classCircal_1_1Alignment.html#e4dc0a9b6c0b89f3e3c375b963c76ec1" title="Circal::Alignment::get_Score" alt="" coords="1169,132,1372,159">
<area shape="rect" href="$classCircal_1_1Output.html#dea07429ad2ed3d082aa4d9ef85e8114" title="Circal::Output::SequencePrettyPrint" alt="" coords="1144,183,1397,209">
<area shape="rect" href="$classCircal_1_1PseudoCircularAlignmentFactory.html#bbebcc77eef75596c7eeb73a24c5d5ed" title="Circal::PseudoCircularAlignmentFactory::BacktrackingSmithWaterman" alt="" coords="1036,284,1505,311">
<area shape="rect" href="$classCircal_1_1AlignmentFactory.html#2c2d383ecd1f50ab572e1813188987e7" title="Circal::AlignmentFactory::BacktrackingSmithWaterman" alt="" coords="1085,411,1456,437">
<area shape="rect" href="$classCircal_1_1PseudoCircularAlignmentFactory.html#81b0b7b0acdb8ec01af0f9383826a42a" title="Circal::PseudoCircularAlignmentFactory::ForwardRecursionSmithWaterman" alt="" coords="1019,360,1523,387">
<area shape="rect" href="$classCircal_1_1AlignmentFactory.html#2554dd57c516fefab4b3c746a10d5a9e" title="Circal::AlignmentFactory::ForwardRecursionSmithWaterman" alt="" coords="1068,461,1473,488">
<area shape="rect" href="$classCircal_1_1MatrixHelper.html#69554a977a56437127203bf586e5d594" title="Circal::MatrixHelper::InitializeScoreMatrixDistances" alt="" coords="1096,512,1445,539">
<area shape="rect" href="$classCircal_1_1MatrixHelper.html#d7f73b9f9ada591e7ed652909e240140" title="Circal::MatrixHelper::InitScoreMatrix3DWith" alt="" coords="1572,5,1873,32">
<area shape="rect" href="$classCircal_1_1ScoringModel.html#7a0e45da2b4c5912f08258bd56dd1788" title="Circal::ScoringModel::BestOfTwo" alt="" coords="1940,360,2167,387">
<area shape="rect" href="$classCircal_1_1PseudoRotatedSequence.html#fbfa83464c33febec8196f23cd296a31" title="Get the element at position &#39;pos&#39; as a character." alt="" coords="1577,157,1868,184">
<area shape="rect" href="$classCircal_1_1PseudoRotatedSequence.html#f6a9b351636ffee4468adbf1e58fdb4a" title="Get the number of elements in the list." alt="" coords="1923,107,2184,133">
<area shape="rect" href="$classCircal_1_1PseudoRotatedSequence.html#48c964ebdf631807be5e58140e5378c6" title="Get the element at position &#39;pos&#39; as an int." alt="" coords="1576,107,1869,133">
<area shape="rect" href="$classCircal_1_1ScoringModel.html#c9093a36aae9269b516c34438d2df279" title="Circal::ScoringModel::ScoreOf" alt="" coords="1616,360,1829,387">
<area shape="rect" href="$classCircal_1_1ScoringModel.html#3f934683024d21df07165eee183ee918" title="Circal::ScoringModel::ScoreOfGapOpen" alt="" coords="1585,411,1860,437">
<area shape="rect" href="$classCircal_1_1ScoringModel.html#dc158e70948f9cce9c80ef7df6cdde6f" title="Circal::ScoringModel::ScoreOfGapExtend" alt="" coords="1580,512,1865,539">
<area shape="rect" href="$classCircal_1_1ScoringModel.html#4a300e1b772adbbda981a5608710c027" title="Circal::ScoringModel::BestOfThree" alt="" coords="1603,461,1843,488">
<area shape="rect" href="$classCircal_1_1MatrixHelper.html#8c12cd1078ffbb6c4c93ebbb8cb384d5" title="Circal::MatrixHelper::InitScoreMatrixWith" alt="" coords="1581,613,1864,640">
