<area shape="rect" href="$classCircal_1_1Output.html#a4c99407de17b3f8244aca4aa60b4a53" title="Circal::Output::AlignmentPrettyPrint" alt="" coords="391,107,647,133">
<area shape="rect" href="$classCircal_1_1Alignment.html#e4913ab4c499665491c22c5f407f11b0" title="Circal::Alignment::NeedlemanWunschAlignment" alt="" coords="355,183,683,209">
<area shape="rect" href="$classCircal_1_1Alignment.html#88f7d06a0c289e53519aa84d17c734be" title="Circal::Alignment::get_Score" alt="" coords="804,56,1007,83">
<area shape="rect" href="$classCircal_1_1Output.html#1942bfb1f480d2d4cf49f8e0f9c8cc92" title="Circal::Output::SequencePrettyPrint" alt="" coords="779,107,1032,133">
<area shape="rect" href="$classCircal_1_1Alignment.html#c39f82c98e3d3e2804af08b8abcd1999" title="Circal::Alignment::BacktrackingNMW" alt="" coords="779,157,1032,184">
<area shape="rect" href="$classCircal_1_1Alignment.html#5aa0581729cd7f29c49e0668316a31ed" title="Circal::Alignment::ForwardRecursionNMW" alt="" coords="761,208,1049,235">
<area shape="rect" href="$classCircal_1_1MatrixHelper.html#69554a977a56437127203bf586e5d594" title="Circal::MatrixHelper::InitializeScoreMatrixDistances" alt="" coords="731,259,1080,285">
<area shape="rect" href="$classCircal_1_1Alignment.html#0a0ef49213d04275c7c932a6f55f8d52" title="Circal::Alignment::addSequence" alt="" coords="1159,5,1385,32">
<area shape="rect" href="$classCircal_1_1Alignment.html#6c1d8170276265997eb8729e83a65fa8" title="Circal::Alignment::Alignment" alt="" coords="1171,107,1373,133">
<area shape="rect" href="$classCircal_1_1Alignment.html#86ad132871584d6e026d9e1f254ee98c" title="Circal::Alignment::set_score" alt="" coords="1479,81,1679,108">
<area shape="rect" href="$classCircal_1_1ScoringModel.html#c9093a36aae9269b516c34438d2df279" title="Circal::ScoringModel::ScoreOf" alt="" coords="1165,157,1379,184">
<area shape="rect" href="$classCircal_1_1ScoringModel.html#dc158e70948f9cce9c80ef7df6cdde6f" title="Circal::ScoringModel::ScoreOfGapExtend" alt="" coords="1129,208,1415,235">
<area shape="rect" href="$classCircal_1_1ScoringModel.html#3f934683024d21df07165eee183ee918" title="Circal::ScoringModel::ScoreOfGapOpen" alt="" coords="1135,259,1409,285">
<area shape="rect" href="$classCircal_1_1ScoringModel.html#ea8047bcaff23574faf333c25759d30c" title="Circal::ScoringModel::BestOfThree" alt="" coords="1152,309,1392,336">
<area shape="rect" href="$classCircal_1_1ScoringModel.html#2af91279a78623322072a65a071f572b" title="Circal::ScoringModel::BestOfTwo" alt="" coords="1465,309,1692,336">
<area shape="rect" href="$classCircal_1_1MatrixHelper.html#8c12cd1078ffbb6c4c93ebbb8cb384d5" title="Circal::MatrixHelper::InitScoreMatrixWith" alt="" coords="1131,360,1413,387">
