<area shape="rect" href="$classCircal_1_1Output.html#a4c99407de17b3f8244aca4aa60b4a53" title="Circal::Output::AlignmentPrettyPrint" alt="" coords="360,257,616,284">
<area shape="rect" href="$classCircal_1_1Alignment.html#3bc27d7c12fe1d50bef9c5159c268926" title="Circal::Alignment::GotohAlignment" alt="" coords="367,345,609,372">
<area shape="rect" href="$classCircal_1_1Alignment.html#89a2f964067b1f766a3327e8008a0f45" title="Circal::Alignment::set_origSize" alt="" coords="380,396,596,423">
<area shape="rect" href="$classCircal_1_1Alignment.html#88f7d06a0c289e53519aa84d17c734be" title="Circal::Alignment::get_Score" alt="" coords="711,257,913,284">
<area shape="rect" href="$classCircal_1_1Output.html#1942bfb1f480d2d4cf49f8e0f9c8cc92" title="Circal::Output::SequencePrettyPrint" alt="" coords="685,207,939,233">
<area shape="rect" href="$classCircal_1_1Alignment.html#ada6ed0b0e089d9ad7c3648e8ceaa58f" title="Circal::Alignment::BacktrackingGotoh" alt="" coords="683,308,941,335">
<area shape="rect" href="$classCircal_1_1Alignment.html#5b09da5a0a41540ca21371bc44f93223" title="Circal::Alignment::ForwardRecursionGotoh" alt="" coords="665,384,959,411">
<area shape="rect" href="$classCircal_1_1MatrixHelper.html#8c12cd1078ffbb6c4c93ebbb8cb384d5" title="Circal::MatrixHelper::InitScoreMatrixWith" alt="" coords="671,435,953,461">
<area shape="rect" href="$classCircal_1_1Alignment.html#0a0ef49213d04275c7c932a6f55f8d52" title="Circal::Alignment::addSequence" alt="" coords="1052,131,1279,157">
<area shape="rect" href="$classCircal_1_1Alignment.html#6c1d8170276265997eb8729e83a65fa8" title="Circal::Alignment::Alignment" alt="" coords="1064,181,1267,208">
<area shape="rect" href="$classCircal_1_1Alignment.html#86ad132871584d6e026d9e1f254ee98c" title="Circal::Alignment::set_score" alt="" coords="1444,131,1644,157">
<area shape="rect" href="$classCircal_1_1ScoringModel.html#2af91279a78623322072a65a071f572b" title="Circal::ScoringModel::BestOfTwo" alt="" coords="1767,359,1993,385">
<area shape="rect" href="$classCircal_1_1ScoringModel.html#c9093a36aae9269b516c34438d2df279" title="Circal::ScoringModel::ScoreOf" alt="" coords="1059,435,1272,461">
<area shape="rect" href="$classCircal_1_1ScoringModel.html#dc158e70948f9cce9c80ef7df6cdde6f" title="Circal::ScoringModel::ScoreOfGapExtend" alt="" coords="1023,333,1308,360">
<area shape="rect" href="$classCircal_1_1ScoringModel.html#3f934683024d21df07165eee183ee918" title="Circal::ScoringModel::ScoreOfGapOpen" alt="" coords="1028,384,1303,411">
<area shape="rect" href="$classCircal_1_1MatrixHelper.html#94c62eb44eb6c53134045df321df5d4f" title="Circal::MatrixHelper::SearchMinimumPosition" alt="" coords="1009,283,1321,309">
<area shape="rect" href="$classCircal_1_1MatrixHelper.html#87b754dba320d59725336089d3519afb" title="Circal::MatrixHelper::SearchMinimuminlastColumn" alt="" coords="1371,283,1717,309">
<area shape="rect" href="$classCircal_1_1MatrixHelper.html#af7b6abc5c29c4a5836d02bdef1c8f31" title="Circal::MatrixHelper::SearchMinimuminlastRow" alt="" coords="1383,333,1705,360">
<area shape="rect" href="$classCircal_1_1ScoringModel.html#ea8047bcaff23574faf333c25759d30c" title="Circal::ScoringModel::BestOfThree" alt="" coords="1424,536,1664,563">
