<area shape="rect" href="$classCircal_1_1AlignmentFactory.html#38e1e5e94033be95ebe5438df2cdae96" title="Circal::AlignmentFactory::BacktrackingSmithWatermanAffin" alt="" coords="392,145,792,172">
<area shape="rect" href="$classCircal_1_1AlignmentFactory.html#b4cb6cb6ecbffc8d2d6edf46d54b75aa" title="Circal::AlignmentFactory::ForwardRecursionSmithWatermanAffin" alt="" coords="375,95,809,121">
<area shape="rect" href="$classCircal_1_1MatrixHelper.html#8c12cd1078ffbb6c4c93ebbb8cb384d5" title="Circal::MatrixHelper::InitScoreMatrixWith" alt="" coords="451,196,733,223">
<area shape="rect" href="$classCircal_1_1ScoringModel.html#7a0e45da2b4c5912f08258bd56dd1788" title="Circal::ScoringModel::BestOfTwo" alt="" coords="1196,95,1423,121">
<area shape="rect" href="$classCircal_1_1ScoringModel.html#c9093a36aae9269b516c34438d2df279" title="Circal::ScoringModel::ScoreOf" alt="" coords="896,145,1109,172">
<area shape="rect" href="$classCircal_1_1ScoringModel.html#dc158e70948f9cce9c80ef7df6cdde6f" title="Circal::ScoringModel::ScoreOfGapExtend" alt="" coords="860,95,1145,121">
<area shape="rect" href="$classCircal_1_1ScoringModel.html#3f934683024d21df07165eee183ee918" title="Circal::ScoringModel::ScoreOfGapOpen" alt="" coords="865,196,1140,223">
<area shape="rect" href="$classCircal_1_1ScoringModel.html#4a300e1b772adbbda981a5608710c027" title="Circal::ScoringModel::BestOfThree" alt="" coords="883,44,1123,71">
