<area shape="rect" href="$classCircal_1_1PseudoCircularAlignmentFactory.html#a4a3ad6ea415ea699f59a52eff424ecc" title="Circal::PseudoCircularAlignmentFactory::BacktrackingNMW" alt="" coords="544,236,941,263">
<area shape="rect" href="$classCircal_1_1AlignmentFactory.html#0039e86898c5a54a7d1e6e1185235931" title="Circal::AlignmentFactory::BacktrackingNMW" alt="" coords="592,337,893,364">
<area shape="rect" href="$classCircal_1_1PseudoCircularAlignmentFactory.html#ad3698770412a8094f20cc924be54151" title="Circal::PseudoCircularAlignmentFactory::ForwardRecursionNMW" alt="" coords="527,388,959,415">
<area shape="rect" href="$classCircal_1_1AlignmentFactory.html#23a0c386ae5a5fe2233b21a25bc92bc3" title="Circal::AlignmentFactory::ForwardRecursionNMW" alt="" coords="575,439,911,465">
<area shape="rect" href="$classCircal_1_1MatrixHelper.html#69554a977a56437127203bf586e5d594" title="Circal::MatrixHelper::InitializeScoreMatrixDistances" alt="" coords="568,515,917,541">
<area shape="rect" href="$classCircal_1_1MatrixHelper.html#56e71c3f8041515ac8d64f8cd56e1b39" title="Circal::MatrixHelper::InitScoreMatrix3DWith" alt="" coords="592,84,893,111">
<area shape="rect" href="$classCircal_1_1MatrixHelper.html#1f0e082360b59504a8f0a69d2fb7694d" title="Circal::MatrixHelper::SearchBestInColumn" alt="" coords="596,616,889,643">
<area shape="rect" href="$classCircal_1_1Alignment.html#0a0ef49213d04275c7c932a6f55f8d52" title="Circal::Alignment::addSequence" alt="" coords="1041,185,1268,212">
<area shape="rect" href="$classCircal_1_1ScoringModel.html#2af91279a78623322072a65a071f572b" title="Circal::ScoringModel::BestOfTwo" alt="" coords="1367,489,1593,516">
<area shape="rect" href="$classCircal_1_1PseudoRotatedSequence.html#fbfa83464c33febec8196f23cd296a31" title="Get the element at position &#39;pos&#39; as a character." alt="" coords="1009,287,1300,313">
<area shape="rect" href="$classCircal_1_1PseudoRotatedSequence.html#f6a9b351636ffee4468adbf1e58fdb4a" title="Get the number of elements in the list." alt="" coords="1349,84,1611,111">
<area shape="rect" href="$classCircal_1_1PseudoRotatedSequence.html#48c964ebdf631807be5e58140e5378c6" title="Get the element at position &#39;pos&#39; as an int." alt="" coords="1008,84,1301,111">
<area shape="rect" href="$classCircal_1_1ScoringModel.html#c9093a36aae9269b516c34438d2df279" title="Circal::ScoringModel::ScoreOf" alt="" coords="1048,337,1261,364">
<area shape="rect" href="$classCircal_1_1ScoringModel.html#3f934683024d21df07165eee183ee918" title="Circal::ScoringModel::ScoreOfGapOpen" alt="" coords="1017,439,1292,465">
<area shape="rect" href="$classCircal_1_1Alignment.html#94d66a0aa8ca3a3ecd47801acbbbc16a" title="Circal::Alignment::set_Score" alt="" coords="1053,236,1256,263">
<area shape="rect" href="$classCircal_1_1ScoringModel.html#dc158e70948f9cce9c80ef7df6cdde6f" title="Circal::ScoringModel::ScoreOfGapExtend" alt="" coords="1012,540,1297,567">
<area shape="rect" href="$classCircal_1_1ScoringModel.html#ea8047bcaff23574faf333c25759d30c" title="Circal::ScoringModel::BestOfThree" alt="" coords="1035,489,1275,516">
<area shape="rect" href="$classCircal_1_1MatrixHelper.html#8c12cd1078ffbb6c4c93ebbb8cb384d5" title="Circal::MatrixHelper::InitScoreMatrixWith" alt="" coords="1013,591,1296,617">
