<area shape="rect" href="$classCircal_1_1PseudoCircularAlignmentFactory.html#dce787a2350cfd3683dd0682ef064d5a" title="Circal::PseudoCircularAlignmentFactory::BacktrackingSmithWatermanAffin" alt="" coords="460,340,959,367">
<area shape="rect" href="$classCircal_1_1AlignmentFactory.html#38e1e5e94033be95ebe5438df2cdae96" title="Circal::AlignmentFactory::BacktrackingSmithWatermanAffin" alt="" coords="509,239,909,265">
<area shape="rect" href="$classCircal_1_1PseudoCircularAlignmentFactory.html#74b7860fd17df40cb002981bfa4ceae3" title="Circal::PseudoCircularAlignmentFactory::ForwardRecursionSmithWatermanAffin" alt="" coords="443,289,976,316">
<area shape="rect" href="$classCircal_1_1AlignmentFactory.html#b4cb6cb6ecbffc8d2d6edf46d54b75aa" title="Circal::AlignmentFactory::ForwardRecursionSmithWatermanAffin" alt="" coords="492,188,927,215">
<area shape="rect" href="$classCircal_1_1MatrixHelper.html#d7f73b9f9ada591e7ed652909e240140" title="Circal::MatrixHelper::InitScoreMatrix3DWith" alt="" coords="559,391,860,417">
<area shape="rect" href="$classCircal_1_1MatrixHelper.html#8c12cd1078ffbb6c4c93ebbb8cb384d5" title="Circal::MatrixHelper::InitScoreMatrixWith" alt="" coords="568,441,851,468">
<area shape="rect" href="$classCircal_1_1ScoringModel.html#7a0e45da2b4c5912f08258bd56dd1788" title="Circal::ScoringModel::BestOfTwo" alt="" coords="1383,188,1609,215">
<area shape="rect" href="$classCircal_1_1PseudoRotatedSequence.html#fbfa83464c33febec8196f23cd296a31" title="Get the element at position &#39;pos&#39; as a character." alt="" coords="1025,441,1316,468">
<area shape="rect" href="$classCircal_1_1PseudoRotatedSequence.html#f6a9b351636ffee4468adbf1e58fdb4a" title="Get the number of elements in the list." alt="" coords="1365,543,1627,569">
<area shape="rect" href="$classCircal_1_1PseudoRotatedSequence.html#48c964ebdf631807be5e58140e5378c6" title="Get the element at position &#39;pos&#39; as an int." alt="" coords="1024,543,1317,569">
<area shape="rect" href="$classCircal_1_1ScoringModel.html#c9093a36aae9269b516c34438d2df279" title="Circal::ScoringModel::ScoreOf" alt="" coords="1064,239,1277,265">
<area shape="rect" href="$classCircal_1_1ScoringModel.html#dc158e70948f9cce9c80ef7df6cdde6f" title="Circal::ScoringModel::ScoreOfGapExtend" alt="" coords="1028,188,1313,215">
<area shape="rect" href="$classCircal_1_1ScoringModel.html#3f934683024d21df07165eee183ee918" title="Circal::ScoringModel::ScoreOfGapOpen" alt="" coords="1033,289,1308,316">
<area shape="rect" href="$classCircal_1_1ScoringModel.html#4a300e1b772adbbda981a5608710c027" title="Circal::ScoringModel::BestOfThree" alt="" coords="1051,87,1291,113">
