<area shape="rect" href="$classCircal_1_1AlignmentFactory.html#f2b43bb3ebb5d2d2bb3fb72e07f7a784" title="Circal::AlignmentFactory::GotohAlignment" alt="" coords="408,208,699,235">
<area shape="rect" href="$classCircal_1_1AlignmentFactory.html#304f8c4e023b584b698d053515cf409e" title="Circal::AlignmentFactory::BacktrackingGotohGlobal" alt="" coords="747,208,1093,235">
<area shape="rect" href="$classCircal_1_1AlignmentFactory.html#824141099efd7e6eb36390937a1abec3" title="Circal::AlignmentFactory::ForwardRecursionGotoh" alt="" coords="749,132,1091,159">
<area shape="rect" href="$classCircal_1_1MatrixHelper.html#8c12cd1078ffbb6c4c93ebbb8cb384d5" title="Circal::MatrixHelper::InitScoreMatrixWith" alt="" coords="779,259,1061,285">
<area shape="rect" href="$classCircal_1_1Alignment.html#0a0ef49213d04275c7c932a6f55f8d52" title="Circal::Alignment::addSequence" alt="" coords="1172,360,1399,387">
<area shape="rect" href="$classCircal_1_1ScoringModel.html#2af91279a78623322072a65a071f572b" title="Circal::ScoringModel::BestOfTwo" alt="" coords="1479,56,1705,83">
<area shape="rect" href="$classCircal_1_1ScoringModel.html#c9093a36aae9269b516c34438d2df279" title="Circal::ScoringModel::ScoreOf" alt="" coords="1179,107,1392,133">
<area shape="rect" href="$classCircal_1_1ScoringModel.html#dc158e70948f9cce9c80ef7df6cdde6f" title="Circal::ScoringModel::ScoreOfGapExtend" alt="" coords="1143,157,1428,184">
<area shape="rect" href="$classCircal_1_1ScoringModel.html#3f934683024d21df07165eee183ee918" title="Circal::ScoringModel::ScoreOfGapOpen" alt="" coords="1148,208,1423,235">
<area shape="rect" href="$classCircal_1_1Alignment.html#94d66a0aa8ca3a3ecd47801acbbbc16a" title="Circal::Alignment::set_Score" alt="" coords="1184,309,1387,336">
<area shape="rect" href="$classCircal_1_1ScoringModel.html#ea8047bcaff23574faf333c25759d30c" title="Circal::ScoringModel::BestOfThree" alt="" coords="1165,5,1405,32">
