<area shape="rect" href="$classCircal_1_1Alignment.html#ada6ed0b0e089d9ad7c3648e8ceaa58f" title="Circal::Alignment::BacktrackingGotoh" alt="" coords="400,208,659,235">
<area shape="rect" href="$classCircal_1_1Alignment.html#5b09da5a0a41540ca21371bc44f93223" title="Circal::Alignment::ForwardRecursionGotoh" alt="" coords="383,335,676,361">
<area shape="rect" href="$classCircal_1_1MatrixHelper.html#8c12cd1078ffbb6c4c93ebbb8cb384d5" title="Circal::MatrixHelper::InitScoreMatrixWith" alt="" coords="388,385,671,412">
<area shape="rect" href="$classCircal_1_1Alignment.html#0a0ef49213d04275c7c932a6f55f8d52" title="Circal::Alignment::addSequence" alt="" coords="769,5,996,32">
<area shape="rect" href="$classCircal_1_1Alignment.html#6c1d8170276265997eb8729e83a65fa8" title="Circal::Alignment::Alignment" alt="" coords="781,107,984,133">
<area shape="rect" href="$classCircal_1_1Alignment.html#86ad132871584d6e026d9e1f254ee98c" title="Circal::Alignment::set_score" alt="" coords="1161,81,1361,108">
<area shape="rect" href="$classCircal_1_1ScoringModel.html#2af91279a78623322072a65a071f572b" title="Circal::ScoringModel::BestOfTwo" alt="" coords="1484,284,1711,311">
<area shape="rect" href="$classCircal_1_1ScoringModel.html#c9093a36aae9269b516c34438d2df279" title="Circal::ScoringModel::ScoreOf" alt="" coords="776,259,989,285">
<area shape="rect" href="$classCircal_1_1ScoringModel.html#dc158e70948f9cce9c80ef7df6cdde6f" title="Circal::ScoringModel::ScoreOfGapExtend" alt="" coords="740,309,1025,336">
<area shape="rect" href="$classCircal_1_1ScoringModel.html#3f934683024d21df07165eee183ee918" title="Circal::ScoringModel::ScoreOfGapOpen" alt="" coords="745,360,1020,387">
<area shape="rect" href="$classCircal_1_1MatrixHelper.html#94c62eb44eb6c53134045df321df5d4f" title="Circal::MatrixHelper::SearchMinimumPosition" alt="" coords="727,208,1039,235">
<area shape="rect" href="$classCircal_1_1MatrixHelper.html#87b754dba320d59725336089d3519afb" title="Circal::MatrixHelper::SearchMinimuminlastColumn" alt="" coords="1088,259,1435,285">
<area shape="rect" href="$classCircal_1_1MatrixHelper.html#af7b6abc5c29c4a5836d02bdef1c8f31" title="Circal::MatrixHelper::SearchMinimuminlastRow" alt="" coords="1100,309,1423,336">
<area shape="rect" href="$classCircal_1_1ScoringModel.html#ea8047bcaff23574faf333c25759d30c" title="Circal::ScoringModel::BestOfThree" alt="" coords="1141,385,1381,412">
