<area shape="rect" href="$classCircal_1_1Alignment.html#9068711091bc065e281c076da5bd7dcb" title="Circal::Alignment::addSequence" alt="" coords="585,89,812,116">
<area shape="rect" href="$classCircal_1_1Output.html#ab041c2ce86bb7ab5f682cdab596d06b" title="Circal::Output::AlignmentPrettyPrint" alt="" coords="571,140,827,167">
<area shape="rect" href="$classCircal_1_1PseudoCircularAlignmentFactory.html#ebfd497019d9d510398f69824da5c37b" title="Circal::PseudoCircularAlignmentFactory::GotohAlignment" alt="" coords="505,292,892,319">
<area shape="rect" href="$classCircal_1_1Alignment.html#e4dc0a9b6c0b89f3e3c375b963c76ec1" title="Circal::Alignment::get_Score" alt="" coords="1107,89,1309,116">
<area shape="rect" href="$classCircal_1_1Output.html#dea07429ad2ed3d082aa4d9ef85e8114" title="Circal::Output::SequencePrettyPrint" alt="" coords="1081,140,1335,167">
<area shape="rect" href="$classCircal_1_1PseudoCircularAlignmentFactory.html#dce787a2350cfd3683dd0682ef064d5a" title="Circal::PseudoCircularAlignmentFactory::BacktrackingSmithWatermanAffin" alt="" coords="959,343,1457,369">
<area shape="rect" href="$classCircal_1_1AlignmentFactory.html#38e1e5e94033be95ebe5438df2cdae96" title="Circal::AlignmentFactory::BacktrackingSmithWatermanAffin" alt="" coords="1008,241,1408,268">
<area shape="rect" href="$classCircal_1_1PseudoCircularAlignmentFactory.html#74b7860fd17df40cb002981bfa4ceae3" title="Circal::PseudoCircularAlignmentFactory::ForwardRecursionSmithWatermanAffin" alt="" coords="941,292,1475,319">
<area shape="rect" href="$classCircal_1_1AlignmentFactory.html#b4cb6cb6ecbffc8d2d6edf46d54b75aa" title="Circal::AlignmentFactory::ForwardRecursionSmithWatermanAffin" alt="" coords="991,191,1425,217">
<area shape="rect" href="$classCircal_1_1MatrixHelper.html#d7f73b9f9ada591e7ed652909e240140" title="Circal::MatrixHelper::InitScoreMatrix3DWith" alt="" coords="1524,647,1825,673">
<area shape="rect" href="$classCircal_1_1MatrixHelper.html#8c12cd1078ffbb6c4c93ebbb8cb384d5" title="Circal::MatrixHelper::InitScoreMatrixWith" alt="" coords="1067,444,1349,471">
<area shape="rect" href="$classCircal_1_1ScoringModel.html#7a0e45da2b4c5912f08258bd56dd1788" title="Circal::ScoringModel::BestOfTwo" alt="" coords="1892,191,2119,217">
<area shape="rect" href="$classCircal_1_1PseudoRotatedSequence.html#fbfa83464c33febec8196f23cd296a31" title="Get the element at position &#39;pos&#39; as a character." alt="" coords="1529,444,1820,471">
<area shape="rect" href="$classCircal_1_1PseudoRotatedSequence.html#f6a9b351636ffee4468adbf1e58fdb4a" title="Get the number of elements in the list." alt="" coords="1875,545,2136,572">
<area shape="rect" href="$classCircal_1_1PseudoRotatedSequence.html#48c964ebdf631807be5e58140e5378c6" title="Get the element at position &#39;pos&#39; as an int." alt="" coords="1528,545,1821,572">
<area shape="rect" href="$classCircal_1_1ScoringModel.html#c9093a36aae9269b516c34438d2df279" title="Circal::ScoringModel::ScoreOf" alt="" coords="1568,241,1781,268">
<area shape="rect" href="$classCircal_1_1ScoringModel.html#dc158e70948f9cce9c80ef7df6cdde6f" title="Circal::ScoringModel::ScoreOfGapExtend" alt="" coords="1532,292,1817,319">
<area shape="rect" href="$classCircal_1_1ScoringModel.html#3f934683024d21df07165eee183ee918" title="Circal::ScoringModel::ScoreOfGapOpen" alt="" coords="1537,191,1812,217">
<area shape="rect" href="$classCircal_1_1ScoringModel.html#4a300e1b772adbbda981a5608710c027" title="Circal::ScoringModel::BestOfThree" alt="" coords="1555,89,1795,116">
