<area shape="rect" href="$classCircal_1_1AlignmentFactory.html#0039e86898c5a54a7d1e6e1185235931" title="Circal::AlignmentFactory::BacktrackingNMW" alt="" coords="453,107,755,133">
<area shape="rect" href="$classCircal_1_1AlignmentFactory.html#23a0c386ae5a5fe2233b21a25bc92bc3" title="Circal::AlignmentFactory::ForwardRecursionNMW" alt="" coords="436,157,772,184">
<area shape="rect" href="$classCircal_1_1MatrixHelper.html#69554a977a56437127203bf586e5d594" title="Circal::MatrixHelper::InitializeScoreMatrixDistances" alt="" coords="429,208,779,235">
<area shape="rect" href="$classCircal_1_1Alignment.html#0a0ef49213d04275c7c932a6f55f8d52" title="Circal::Alignment::addSequence" alt="" coords="857,56,1084,83">
<area shape="rect" href="$classCircal_1_1ScoringModel.html#c9093a36aae9269b516c34438d2df279" title="Circal::ScoringModel::ScoreOf" alt="" coords="864,107,1077,133">
<area shape="rect" href="$classCircal_1_1ScoringModel.html#dc158e70948f9cce9c80ef7df6cdde6f" title="Circal::ScoringModel::ScoreOfGapExtend" alt="" coords="828,157,1113,184">
<area shape="rect" href="$classCircal_1_1ScoringModel.html#3f934683024d21df07165eee183ee918" title="Circal::ScoringModel::ScoreOfGapOpen" alt="" coords="833,208,1108,235">
<area shape="rect" href="$classCircal_1_1Alignment.html#94d66a0aa8ca3a3ecd47801acbbbc16a" title="Circal::Alignment::set_Score" alt="" coords="869,5,1072,32">
<area shape="rect" href="$classCircal_1_1ScoringModel.html#ea8047bcaff23574faf333c25759d30c" title="Circal::ScoringModel::BestOfThree" alt="" coords="851,259,1091,285">
<area shape="rect" href="$classCircal_1_1ScoringModel.html#2af91279a78623322072a65a071f572b" title="Circal::ScoringModel::BestOfTwo" alt="" coords="1164,259,1391,285">
<area shape="rect" href="$classCircal_1_1MatrixHelper.html#8c12cd1078ffbb6c4c93ebbb8cb384d5" title="Circal::MatrixHelper::InitScoreMatrixWith" alt="" coords="829,309,1112,336">
