<area shape="rect" href="$classCircal_1_1PseudoCircularAlignmentFactory.html#bbebcc77eef75596c7eeb73a24c5d5ed" title="Circal::PseudoCircularAlignmentFactory::BacktrackingSmithWaterman" alt="" coords="543,199,1012,225">
<area shape="rect" href="$classCircal_1_1AlignmentFactory.html#2c2d383ecd1f50ab572e1813188987e7" title="Circal::AlignmentFactory::BacktrackingSmithWaterman" alt="" coords="592,401,963,428">
<area shape="rect" href="$classCircal_1_1PseudoCircularAlignmentFactory.html#81b0b7b0acdb8ec01af0f9383826a42a" title="Circal::PseudoCircularAlignmentFactory::ForwardRecursionSmithWaterman" alt="" coords="525,351,1029,377">
<area shape="rect" href="$classCircal_1_1AlignmentFactory.html#2554dd57c516fefab4b3c746a10d5a9e" title="Circal::AlignmentFactory::ForwardRecursionSmithWaterman" alt="" coords="575,452,980,479">
<area shape="rect" href="$classCircal_1_1MatrixHelper.html#69554a977a56437127203bf586e5d594" title="Circal::MatrixHelper::InitializeScoreMatrixDistances" alt="" coords="603,503,952,529">
<area shape="rect" href="$classCircal_1_1MatrixHelper.html#d7f73b9f9ada591e7ed652909e240140" title="Circal::MatrixHelper::InitScoreMatrix3DWith" alt="" coords="627,72,928,99">
<area shape="rect" href="$classCircal_1_1ScoringModel.html#7a0e45da2b4c5912f08258bd56dd1788" title="Circal::ScoringModel::BestOfTwo" alt="" coords="1436,351,1663,377">
<area shape="rect" href="$classCircal_1_1PseudoRotatedSequence.html#fbfa83464c33febec8196f23cd296a31" title="Get the element at position &#39;pos&#39; as a character." alt="" coords="1079,199,1369,225">
<area shape="rect" href="$classCircal_1_1PseudoRotatedSequence.html#f6a9b351636ffee4468adbf1e58fdb4a" title="Get the number of elements in the list." alt="" coords="1419,97,1680,124">
<area shape="rect" href="$classCircal_1_1PseudoRotatedSequence.html#48c964ebdf631807be5e58140e5378c6" title="Get the element at position &#39;pos&#39; as an int." alt="" coords="1077,97,1371,124">
<area shape="rect" href="$classCircal_1_1ScoringModel.html#c9093a36aae9269b516c34438d2df279" title="Circal::ScoringModel::ScoreOf" alt="" coords="1117,351,1331,377">
<area shape="rect" href="$classCircal_1_1ScoringModel.html#3f934683024d21df07165eee183ee918" title="Circal::ScoringModel::ScoreOfGapOpen" alt="" coords="1087,452,1361,479">
<area shape="rect" href="$classCircal_1_1ScoringModel.html#dc158e70948f9cce9c80ef7df6cdde6f" title="Circal::ScoringModel::ScoreOfGapExtend" alt="" coords="1081,503,1367,529">
<area shape="rect" href="$classCircal_1_1ScoringModel.html#4a300e1b772adbbda981a5608710c027" title="Circal::ScoringModel::BestOfThree" alt="" coords="1104,401,1344,428">
<area shape="rect" href="$classCircal_1_1MatrixHelper.html#8c12cd1078ffbb6c4c93ebbb8cb384d5" title="Circal::MatrixHelper::InitScoreMatrixWith" alt="" coords="1083,604,1365,631">
