<area shape="rect" href="$classCircal_1_1Alignment.html#9068711091bc065e281c076da5bd7dcb" title="Circal::Alignment::addSequence" alt="" coords="475,56,701,83">
<area shape="rect" href="$classCircal_1_1AlignmentFactory.html#06cf2e0ea959c22e0cd42278b19c94e4" title="Circal::AlignmentFactory::NeedlemanWunschAlignment" alt="" coords="401,107,775,133">
<area shape="rect" href="$classCircal_1_1AlignmentFactory.html#170edf47373ca95d9cd716d4ace79950" title="Circal::AlignmentFactory::BacktrackingNMW" alt="" coords="848,107,1149,133">
<area shape="rect" href="$classCircal_1_1AlignmentFactory.html#23a0c386ae5a5fe2233b21a25bc92bc3" title="Circal::AlignmentFactory::ForwardRecursionNMW" alt="" coords="831,56,1167,83">
<area shape="rect" href="$classCircal_1_1MatrixHelper.html#69554a977a56437127203bf586e5d594" title="Circal::MatrixHelper::InitializeScoreMatrixDistances" alt="" coords="824,157,1173,184">
<area shape="rect" href="$classCircal_1_1ScoringModel.html#c9093a36aae9269b516c34438d2df279" title="Circal::ScoringModel::ScoreOf" alt="" coords="1259,56,1472,83">
<area shape="rect" href="$classCircal_1_1ScoringModel.html#dc158e70948f9cce9c80ef7df6cdde6f" title="Circal::ScoringModel::ScoreOfGapExtend" alt="" coords="1223,157,1508,184">
<area shape="rect" href="$classCircal_1_1ScoringModel.html#3f934683024d21df07165eee183ee918" title="Circal::ScoringModel::ScoreOfGapOpen" alt="" coords="1228,107,1503,133">
<area shape="rect" href="$classCircal_1_1ScoringModel.html#7a0e45da2b4c5912f08258bd56dd1788" title="Circal::ScoringModel::BestOfTwo" alt="" coords="1559,31,1785,57">
<area shape="rect" href="$classCircal_1_1ScoringModel.html#4a300e1b772adbbda981a5608710c027" title="Circal::ScoringModel::BestOfThree" alt="" coords="1245,5,1485,32">
<area shape="rect" href="$classCircal_1_1MatrixHelper.html#8c12cd1078ffbb6c4c93ebbb8cb384d5" title="Circal::MatrixHelper::InitScoreMatrixWith" alt="" coords="1224,208,1507,235">
