<area shape="rect" href="$MultipleCircularAlignment_8h.html" title="MultipleCircularAlignment.h" alt="" coords="91,84,288,111">
<area shape="rect" href="$MultipleMetaCircularAlignment_8h.html" title="MultipleMetaCircularAlignment.h" alt="" coords="312,84,541,111">
<area shape="rect" href="$ScoringModel_8h.html" title="ScoringModel.h" alt="" coords="705,84,825,111">
<area shape="rect" href="$ExtendedFasta_8h.html" title="ExtendedFasta.h" alt="" coords="884,84,1015,111">
<area shape="rect" href="$Output_8h.html" title="Output.h" alt="" coords="585,84,663,111">
<area shape="rect" href="$VertebrateMitochondrialGenomeAlphabet_8h.html" title="VertebrateMitochondrialGenomeAlphabet.h" alt="" coords="1089,84,1391,111">
<area shape="rect" href="$CircularAlignment_8h.html" title="CircularAlignment.h" alt="" coords="165,239,312,265">
<area shape="rect" href="$MultipleAlignment_8h.html" title="MultipleAlignment.h" alt="" coords="353,161,500,188">
<area shape="rect" href="$Alignment_8h.html" title="Alignment.h" alt="" coords="264,316,363,343">
<area shape="rect" href="$MetaCircularAlignment_8h.html" title="MetaCircularAlignment.h" alt="" coords="148,161,329,188">
<area shape="rect" href="$GenomeAlphabet_8h.html" title="GenomeAlphabet.h" alt="" coords="1145,161,1292,188">
