<area shape="rect" href="$Alignment_8cpp.html" title="Uni/workspace/CircalPP/src/Alignment.cpp" alt="" coords="5,84,296,111">
<area shape="rect" href="$AlignmentFactory_8cpp.html" title="Uni/workspace/CircalPP/src/AlignmentFactory.cpp" alt="" coords="320,84,659,111">
<area shape="rect" href="$CircularAlignmentFactory_8cpp.html" title="Uni/workspace/CircalPP/src/CircularAlignmentFactory.cpp" alt="" coords="683,84,1069,111">
<area shape="rect" href="$MatrixHelper_8cpp.html" title="Uni/workspace/CircalPP/src/MatrixHelper.cpp" alt="" coords="1093,84,1403,111">
<area shape="rect" href="$MultipleAlignmentFactory_8cpp.html" title="Uni/workspace/CircalPP/src/MultipleAlignmentFactory.cpp" alt="" coords="1427,84,1813,111">
<area shape="rect" href="$MultipleCircularAlignmentFactory_8cpp.html" title="Uni/workspace/CircalPP/src/MultipleCircularAlignmentFactory.cpp" alt="" coords="1837,84,2275,111">
<area shape="rect" href="$Output_8cpp.html" title="Uni/workspace/CircalPP/src/Output.cpp" alt="" coords="2299,84,2571,111">
<area shape="rect" href="$PseudoCircularAlignmentFactory_8cpp.html" title="Uni/workspace/CircalPP/src/PseudoCircularAlignmentFactory.cpp" alt="" coords="2595,84,3029,111">
