<area shape="rect" href="$MultipleCircularAlignmentFactory_8h.html" title="Uni/workspace/CircalPP/src/MultipleCircularAlignmentFactory.h" alt="" coords="172,84,593,111">
<area shape="rect" href="$MultiplePseudoCircularAlignmentFactory_8h.html" title="Uni/workspace/CircalPP/src/MultiplePseudoCircularAlignmentFactory.h" alt="" coords="617,84,1087,111">
<area shape="rect" href="$MultipleAlignmentFactory_8cpp.html" title="Uni/workspace/CircalPP/src/MultipleAlignmentFactory.cpp" alt="" coords="1111,84,1497,111">
<area shape="rect" href="$CircalPP_8cpp.html" title="Uni/workspace/CircalPP/src/CircalPP.cpp" alt="" coords="467,161,744,188">
<area shape="rect" href="$MultipleCircularAlignmentFactory_8cpp.html" title="Uni/workspace/CircalPP/src/MultipleCircularAlignmentFactory.cpp" alt="" coords="5,161,443,188">
<area shape="rect" href="$MultiplePseudoCircularAlignmentFactory_8cpp.html" title="Uni/workspace/CircalPP/src/MultiplePseudoCircularAlignmentFactory.cpp" alt="" coords="768,161,1253,188">
