<area shape="rect" href="$Alignment_8cpp.html" title="Uni/workspace/CircalPP/src/Alignment.cpp" alt="" coords="5,84,296,111">
<area shape="rect" href="$AlignmentFactory_8cpp.html" title="Uni/workspace/CircalPP/src/AlignmentFactory.cpp" alt="" coords="320,84,659,111">
<area shape="rect" href="$CircalPP_8cpp.html" title="Uni/workspace/CircalPP/src/CircalPP.cpp" alt="" coords="683,84,960,111">
<area shape="rect" href="$MultipleAlignmentFactory_8cpp.html" title="Uni/workspace/CircalPP/src/MultipleAlignmentFactory.cpp" alt="" coords="984,84,1371,111">
<area shape="rect" href="$MultipleCircularAlignmentFactory_8cpp.html" title="Uni/workspace/CircalPP/src/MultipleCircularAlignmentFactory.cpp" alt="" coords="1395,84,1832,111">
<area shape="rect" href="$MultiplePseudoCircularAlignmentFactory_8cpp.html" title="Uni/workspace/CircalPP/src/MultiplePseudoCircularAlignmentFactory.cpp" alt="" coords="1856,84,2341,111">
<area shape="rect" href="$Output_8cpp.html" title="Uni/workspace/CircalPP/src/Output.cpp" alt="" coords="2365,84,2637,111">
<area shape="rect" href="$PseudoCircularAlignmentFactory_8cpp.html" title="Uni/workspace/CircalPP/src/PseudoCircularAlignmentFactory.cpp" alt="" coords="2661,84,3096,111">
