<area shape="rect" href="$Alignment_8cpp.html" title="Uni/workspace/CircalPP/src/Alignment.cpp" alt="" coords="5,84,296,111">
<area shape="rect" href="$AlignmentFactory_8cpp.html" title="Uni/workspace/CircalPP/src/AlignmentFactory.cpp" alt="" coords="320,84,659,111">
<area shape="rect" href="$main_8cpp.html" title="Uni/workspace/CircalPP/src/main.cpp" alt="" coords="683,84,941,111">
<area shape="rect" href="$MultipleAlignmentFactory_8cpp.html" title="Uni/workspace/CircalPP/src/MultipleAlignmentFactory.cpp" alt="" coords="965,84,1352,111">
<area shape="rect" href="$MultipleCircularAlignmentFactory_8cpp.html" title="Uni/workspace/CircalPP/src/MultipleCircularAlignmentFactory.cpp" alt="" coords="1376,84,1813,111">
<area shape="rect" href="$Output_8cpp.html" title="Uni/workspace/CircalPP/src/Output.cpp" alt="" coords="1837,84,2109,111">
<area shape="rect" href="$PseudoCircularAlignmentFactory_8cpp.html" title="Uni/workspace/CircalPP/src/PseudoCircularAlignmentFactory.cpp" alt="" coords="2133,84,2568,111">
