<area shape="rect" href="$Alignment_8cpp.html" title="Uni/workspace/CircalPP/src/Alignment.cpp" alt="" coords="5,84,296,111">
<area shape="rect" href="$AlignmentFactory_8cpp.html" title="Uni/workspace/CircalPP/src/AlignmentFactory.cpp" alt="" coords="320,84,659,111">
<area shape="rect" href="$CircalPP_8cpp.html" title="Uni/workspace/CircalPP/src/CircalPP.cpp" alt="" coords="683,84,960,111">
<area shape="rect" href="$CircularAlignmentFactory_8cpp.html" title="Uni/workspace/CircalPP/src/CircularAlignmentFactory.cpp" alt="" coords="984,84,1371,111">
<area shape="rect" href="$MatrixHelper_8cpp.html" title="Uni/workspace/CircalPP/src/MatrixHelper.cpp" alt="" coords="1395,84,1704,111">
<area shape="rect" href="$PseudoCircularAlignmentFactory_8cpp.html" title="Uni/workspace/CircalPP/src/PseudoCircularAlignmentFactory.cpp" alt="" coords="1728,84,2163,111">
<area shape="rect" href="$ScoringModel_8cpp.html" title="Uni/workspace/CircalPP/src/ScoringModel.cpp" alt="" coords="2187,84,2499,111">
<area shape="rect" href="$VertebrateMitochondrialGenomeAlphabet_8cpp.html" title="Uni/workspace/CircalPP/src/VertebrateMitochondrialGenomeAlphabet.cpp" alt="" coords="2523,84,3016,111">
